971229  811.7296 V 2.0 21.479 0.014  u  4.482  3.525  3.250 -26.74
971229  811.7347 R 2.0 20.989 0.022  u  4.482  3.525  3.250 -27.10
it produces
971229  811.7296 V 2.0 21.479 0.014  u  4.482  3.525  3.250 -26.74  22.52 0.29
971229  811.7347 R 2.0 20.989 0.022  u  4.482  3.525  3.250 -27.10  25.39 0.51
